---
source: crates/process-corpus/tests/process-corpus-api/test_lemma_token.rs
expression: actual
snapshot_kind: text
---
[
    LemmaToken {
        possible_senses: [],
        possible_lemmas: [
            "Arbetsmarknadsutskottet..nn",
        ],
        is_prefix: false,
        is_suffix: false,
    },
    LemmaToken {
        possible_senses: [],
        possible_lemmas: [
            "s..pm",
        ],
        is_prefix: false,
        is_suffix: false,
    },
    LemmaToken {
        possible_senses: [
            "bet\\xc3\\xa4nkande..1",
        ],
        possible_lemmas: [
            "bet\\xc3\\xa4nkande..nn",
        ],
        is_prefix: false,
        is_suffix: false,
    },
    LemmaToken {
        possible_senses: [],
        possible_lemmas: [
            "2018..rg",
        ],
        is_prefix: false,
        is_suffix: false,
    },
    LemmaToken {
        possible_senses: [],
        possible_lemmas: [
            "/..mid",
        ],
        is_prefix: false,
        is_suffix: false,
    },
    LemmaToken {
        possible_senses: [],
        possible_lemmas: [
            "19..rg",
        ],
        is_prefix: false,
        is_suffix: false,
    },
    LemmaToken {
        possible_senses: [],
        possible_lemmas: [
            ":..mid",
        ],
        is_prefix: false,
        is_suffix: false,
    },
    LemmaToken {
        possible_senses: [],
        possible_lemmas: [
            "AU1..pm",
        ],
        is_prefix: false,
        is_suffix: false,
    },
    LemmaToken {
        possible_senses: [],
        possible_lemmas: [
            "Utgiftsomr\\xc3\\xa5de..nn",
        ],
        is_prefix: false,
        is_suffix: false,
    },
    LemmaToken {
        possible_senses: [],
        possible_lemmas: [
            "13..rg",
        ],
        is_prefix: false,
        is_suffix: false,
    },
    LemmaToken {
        possible_senses: [
            "j\\xc3\\xa4mst\\xc3\\xa4lldhet..1",
        ],
        possible_lemmas: [
            "j\\xc3\\xa4mst\\xc3\\xa4lldhet..nn",
        ],
        is_prefix: false,
        is_suffix: false,
    },
    LemmaToken {
        possible_senses: [
            "och..1",
        ],
        possible_lemmas: [
            "och..kn",
        ],
        is_prefix: false,
        is_suffix: false,
    },
    LemmaToken {
        possible_senses: [
            "nyanl\\xc3\\xa4nd..1",
        ],
        possible_lemmas: [
            "nyanl\\xc3\\xa4nd..av",
        ],
        is_prefix: false,
        is_suffix: false,
    },
    LemmaToken {
        possible_senses: [
            "invandrare..1",
        ],
        possible_lemmas: [
            "invandrare..nn",
        ],
        is_prefix: false,
        is_suffix: false,
    },
    LemmaToken {
        possible_senses: [
            "etablering..1",
        ],
        possible_lemmas: [
            "etablering..nn",
        ],
        is_prefix: false,
        is_suffix: false,
    },
    LemmaToken {
        possible_senses: [
            "sammanfattning..1",
        ],
        possible_lemmas: [
            "sammanfattning..nn",
        ],
        is_prefix: false,
        is_suffix: false,
    },
    LemmaToken {
        possible_senses: [
            "utskott..1",
            "utskott..2",
            "utskott..3",
        ],
        possible_lemmas: [
            "utskott..nn",
        ],
        is_prefix: false,
        is_suffix: false,
    },
    LemmaToken {
        possible_senses: [
            "f\\xc3\\xb6resl\\xc3\\xa5..1",
        ],
        possible_lemmas: [
            "f\\xc3\\xb6resl\\xc3\\xa5..vb",
        ],
        is_prefix: false,
        is_suffix: false,
    },
    LemmaToken {
        possible_senses: [
            "att..1",
        ],
        possible_lemmas: [
            "att..sn",
        ],
        is_prefix: false,
        is_suffix: false,
    },
    LemmaToken {
        possible_senses: [
            "riksdag..1",
        ],
        possible_lemmas: [
            "riksdag..nn",
        ],
        is_prefix: false,
        is_suffix: false,
    },
    LemmaToken {
        possible_senses: [
            "anvisa..1",
            "anvisa..2",
        ],
        possible_lemmas: [
            "anvisa..vb",
        ],
        is_prefix: false,
        is_suffix: false,
    },
    LemmaToken {
        possible_senses: [
            "anslag..1",
            "anslag..2",
            "anslag..3",
        ],
        possible_lemmas: [
            "anslag..nn",
        ],
        is_prefix: false,
        is_suffix: false,
    },
    LemmaToken {
        possible_senses: [
            "den..1",
            "en..2",
        ],
        possible_lemmas: [
            "en..al",
        ],
        is_prefix: false,
        is_suffix: false,
    },
    LemmaToken {
        possible_senses: [
            "f\\xc3\\xb6r..1",
            "f\\xc3\\xb6r..5",
            "f\\xc3\\xb6r..6",
            "f\\xc3\\xb6r..7",
            "f\\xc3\\xb6r..9",
        ],
        possible_lemmas: [
            "f\\xc3\\xb6r..pp",
        ],
        is_prefix: false,
        is_suffix: false,
    },
    LemmaToken {
        possible_senses: [],
        possible_lemmas: [
            "2019..rg",
        ],
        is_prefix: false,
        is_suffix: false,
    },
    LemmaToken {
        possible_senses: [
            "och..1",
        ],
        possible_lemmas: [
            "och..kn",
        ],
        is_prefix: false,
        is_suffix: false,
    },
    LemmaToken {
        possible_senses: [
            "bemyndiga..1",
        ],
        possible_lemmas: [
            "bemyndiga..vb",
        ],
        is_prefix: false,
        is_suffix: false,
    },
    LemmaToken {
        possible_senses: [
            "regering..1",
        ],
        possible_lemmas: [
            "regering..nn",
        ],
        is_prefix: false,
        is_suffix: false,
    },
    LemmaToken {
        possible_senses: [
            "att..1",
        ],
        possible_lemmas: [
            "att..sn",
        ],
        is_prefix: false,
        is_suffix: false,
    },
    LemmaToken {
        possible_senses: [
            "ing\\xc3\\xa5..1",
            "ing\\xc3\\xa5..2",
        ],
        possible_lemmas: [
            "ing\\xc3\\xa5..vb",
        ],
        is_prefix: false,
        is_suffix: false,
    },
    LemmaToken {
        possible_senses: [
            "ekonomisk..1",
            "ekonomisk..2",
            "ekonomisk..3",
        ],
        possible_lemmas: [
            "ekonomisk..av",
        ],
        is_prefix: false,
        is_suffix: false,
    },
    LemmaToken {
        possible_senses: [
            "\\xc3\\xa5tagande..1",
        ],
        possible_lemmas: [
            "\\xc3\\xa5tagande..nn",
        ],
        is_prefix: false,
        is_suffix: false,
    },
    LemmaToken {
        possible_senses: [
            "inom..1",
        ],
        possible_lemmas: [
            "inom..pp",
        ],
        is_prefix: false,
        is_suffix: false,
    },
    LemmaToken {
        possible_senses: [],
        possible_lemmas: [
            "utgiftsomr\\xc3\\xa5de..nn",
        ],
        is_prefix: false,
        is_suffix: false,
    },
    LemmaToken {
        possible_senses: [],
        possible_lemmas: [
            "1..rg",
        ],
        is_prefix: false,
        is_suffix: false,
    },
    LemmaToken {
        possible_senses: [],
        possible_lemmas: [
            "3..rg",
        ],
        is_prefix: false,
        is_suffix: false,
    },
    LemmaToken {
        possible_senses: [
            "j\\xc3\\xa4mst\\xc3\\xa4lldhet..1",
        ],
        possible_lemmas: [
            "j\\xc3\\xa4mst\\xc3\\xa4lldhet..nn",
        ],
        is_prefix: false,
        is_suffix: false,
    },
    LemmaToken {
        possible_senses: [
            "och..1",
        ],
        possible_lemmas: [
            "och..kn",
        ],
        is_prefix: false,
        is_suffix: false,
    },
    LemmaToken {
        possible_senses: [
            "nyanl\\xc3\\xa4nd..1",
        ],
        possible_lemmas: [
            "nyanl\\xc3\\xa4nd..av",
        ],
        is_prefix: false,
        is_suffix: false,
    },
    LemmaToken {
        possible_senses: [
            "invandrare..1",
        ],
        possible_lemmas: [
            "invandrare..nn",
        ],
        is_prefix: false,
        is_suffix: false,
    },
    LemmaToken {
        possible_senses: [
            "etablering..1",
        ],
        possible_lemmas: [
            "etablering..nn",
        ],
        is_prefix: false,
        is_suffix: false,
    },
    LemmaToken {
        possible_senses: [
            "i..2",
        ],
        possible_lemmas: [
            "i..pp",
        ],
        is_prefix: false,
        is_suffix: false,
    },
    LemmaToken {
        possible_senses: [],
        possible_lemmas: [],
        is_prefix: false,
        is_suffix: false,
    },
    LemmaToken {
        possible_senses: [
            "med..1",
            "med..2",
        ],
        possible_lemmas: [
            "med..pp",
        ],
        is_prefix: false,
        is_suffix: false,
    },
    LemmaToken {
        possible_senses: [
            "den..1",
            "en..2",
        ],
        possible_lemmas: [
            "en..al",
        ],
        is_prefix: false,
        is_suffix: false,
    },
    LemmaToken {
        possible_senses: [
            "f\\xc3\\xb6rslag..1",
            "f\\xc3\\xb6rslag..2",
        ],
        possible_lemmas: [
            "f\\xc3\\xb6rslag_2..nn",
            "f\\xc3\\xb6rslag..nn",
        ],
        is_prefix: false,
        is_suffix: false,
    },
    LemmaToken {
        possible_senses: [],
        possible_lemmas: [
            "som..hp",
        ],
        is_prefix: false,
        is_suffix: false,
    },
    LemmaToken {
        possible_senses: [
            "l\\xc3\\xa4gga..1",
            "l\\xc3\\xa4gga..2",
            "l\\xc3\\xa4gga..3",
        ],
        possible_lemmas: [
            "l\\xc3\\xa4gga..vb",
        ],
        is_prefix: false,
        is_suffix: false,
    },
    LemmaToken {
        possible_senses: [
            "fram..1",
            "fram..2",
            "fram..3",
        ],
        possible_lemmas: [
            "fram..ab",
        ],
        is_prefix: false,
        is_suffix: false,
    },
    LemmaToken {
        possible_senses: [
            "gemensam..1",
        ],
        possible_lemmas: [
            "gemensam..av",
        ],
        is_prefix: false,
        is_suffix: false,
    },
    LemmaToken {
        possible_senses: [
            "av..1",
        ],
        possible_lemmas: [
            "av..pp",
        ],
        is_prefix: false,
        is_suffix: false,
    },
    LemmaToken {
        possible_senses: [
            "moderat..2",
        ],
        possible_lemmas: [
            "moderat..nn",
        ],
        is_prefix: false,
        is_suffix: false,
    },
    LemmaToken {
        possible_senses: [
            "och..1",
        ],
        possible_lemmas: [
            "och..kn",
        ],
        is_prefix: false,
        is_suffix: false,
    },
    LemmaToken {
        possible_senses: [
            "kristdemokrat..1",
        ],
        possible_lemmas: [
            "kristdemokrat..nn",
        ],
        is_prefix: false,
        is_suffix: false,
    },
    LemmaToken {
        possible_senses: [],
        possible_lemmas: [
            "...mad",
        ],
        is_prefix: false,
        is_suffix: false,
    },
    LemmaToken {
        possible_senses: [],
        possible_lemmas: [
            "$SENT$",
        ],
        is_prefix: false,
        is_suffix: false,
    },
    LemmaToken {
        possible_senses: [
            "den..1",
            "en..2",
        ],
        possible_lemmas: [
            "en..al",
        ],
        is_prefix: false,
        is_suffix: false,
    },
    LemmaToken {
        possible_senses: [
            "f\\xc3\\xb6resl\\xc3\\xa5..1",
        ],
        possible_lemmas: [
            "f\\xc3\\xb6resl\\xc3\\xa5..vb",
        ],
        is_prefix: false,
        is_suffix: false,
    },
    LemmaToken {
        possible_senses: [
            "anslag..1",
            "anslag..2",
            "anslag..3",
        ],
        possible_lemmas: [
            "anslag..nn",
        ],
        is_prefix: false,
        is_suffix: false,
    },
    LemmaToken {
        possible_senses: [
            "uppg\\xc3\\xa5..1",
            "uppg\\xc3\\xa5..2",
        ],
        possible_lemmas: [
            "uppg\\xc3\\xa5..vb",
        ],
        is_prefix: false,
        is_suffix: false,
    },
    LemmaToken {
        possible_senses: [
            "till..1",
        ],
        possible_lemmas: [
            "till..pp",
        ],
        is_prefix: false,
        is_suffix: false,
    },
    LemmaToken {
        possible_senses: [
            "sammanlagd..1",
        ],
        possible_lemmas: [
            "sammanlagd..av",
        ],
        is_prefix: false,
        is_suffix: false,
    },
    LemmaToken {
        possible_senses: [
            "cirka..1",
        ],
        possible_lemmas: [
            "ca..aba",
        ],
        is_prefix: false,
        is_suffix: false,
    },
    LemmaToken {
        possible_senses: [],
        possible_lemmas: [
            "18..rg",
        ],
        is_prefix: false,
        is_suffix: false,
    },
    LemmaToken {
        possible_senses: [
            "miljard..1",
        ],
        possible_lemmas: [
            "miljard..nn",
        ],
        is_prefix: false,
        is_suffix: false,
    },
    LemmaToken {
        possible_senses: [
            "krona..1",
            "krona..2",
            "krona..3",
        ],
        possible_lemmas: [
            "krona..nn",
        ],
        is_prefix: false,
        is_suffix: false,
    },
    LemmaToken {
        possible_senses: [
            "f\\xc3\\xb6r..1",
            "f\\xc3\\xb6r..5",
            "f\\xc3\\xb6r..6",
            "f\\xc3\\xb6r..7",
            "f\\xc3\\xb6r..9",
        ],
        possible_lemmas: [
            "f\\xc3\\xb6r..pp",
        ],
        is_prefix: false,
        is_suffix: false,
    },
    LemmaToken {
        possible_senses: [],
        possible_lemmas: [
            "2019..rg",
        ],
        is_prefix: false,
        is_suffix: false,
    },
    LemmaToken {
        possible_senses: [],
        possible_lemmas: [
            "...mad",
        ],
        is_prefix: false,
        is_suffix: false,
    },
    LemmaToken {
        possible_senses: [],
        possible_lemmas: [
            "$SENT$",
        ],
        is_prefix: false,
        is_suffix: false,
    },
    LemmaToken {
        possible_senses: [
            "utskott..1",
            "utskott..2",
            "utskott..3",
        ],
        possible_lemmas: [
            "utskott..nn",
        ],
        is_prefix: false,
        is_suffix: false,
    },
    LemmaToken {
        possible_senses: [
            "f\\xc3\\xb6rslag..1",
            "f\\xc3\\xb6rslag..2",
        ],
        possible_lemmas: [
            "f\\xc3\\xb6rslag_2..nn",
            "f\\xc3\\xb6rslag..nn",
        ],
        is_prefix: false,
        is_suffix: false,
    },
    LemmaToken {
        possible_senses: [
            "avvika..1",
            "avvika..2",
        ],
        possible_lemmas: [
            "avvika..vb",
        ],
        is_prefix: false,
        is_suffix: false,
    },
    LemmaToken {
        possible_senses: [
            "fr\\xc3\\xa5n..1",
        ],
        possible_lemmas: [
            "fr\\xc3\\xa5n..pp",
        ],
        is_prefix: false,
        is_suffix: false,
    },
    LemmaToken {
        possible_senses: [
            "budgetproposition..1",
        ],
        possible_lemmas: [
            "budgetproposition..nn",
        ],
        is_prefix: false,
        is_suffix: false,
    },
    LemmaToken {
        possible_senses: [
            "n\\xc3\\xa4r..1",
            "n\\xc3\\xa4ra..1",
        ],
        possible_lemmas: [
            "n\\xc3\\xa4r..ab",
        ],
        is_prefix: false,
        is_suffix: false,
    },
    LemmaToken {
        possible_senses: [
            "den..2",
        ],
        possible_lemmas: [
            "den..pn",
        ],
        is_prefix: false,
        is_suffix: false,
    },
    LemmaToken {
        possible_senses: [
            "g\\xc3\\xa4lla..1",
            "g\\xc3\\xa4lla..2",
            "g\\xc3\\xa4lla..4",
            "g\\xc3\\xa4lla..3",
        ],
        possible_lemmas: [
            "g\\xc3\\xa4lla..vb",
        ],
        is_prefix: false,
        is_suffix: false,
    },
    LemmaToken {
        possible_senses: [
            "anslag..1",
            "anslag..2",
            "anslag..3",
        ],
        possible_lemmas: [
            "anslag..nn",
        ],
        is_prefix: false,
        is_suffix: false,
    },
    LemmaToken {
        possible_senses: [],
        possible_lemmas: [
            "Etablerings\\xc3\\xa5tg\\xc3\\xa4rder..nn",
        ],
        is_prefix: false,
        is_suffix: false,
    },
    LemmaToken {
        possible_senses: [],
        possible_lemmas: [
            ",..mid",
        ],
        is_prefix: false,
        is_suffix: false,
    },
    LemmaToken {
        possible_senses: [],
        possible_lemmas: [
            "Kommuners\\xc3\\xa4ttningar..nn",
        ],
        is_prefix: false,
        is_suffix: false,
    },
    LemmaToken {
        possible_senses: [
            "vid..1",
        ],
        possible_lemmas: [
            "vid..pp",
        ],
        is_prefix: false,
        is_suffix: false,
    },
    LemmaToken {
        possible_senses: [
            "flyktingmottagande..1",
        ],
        possible_lemmas: [
            "flyktingmottagande..nn",
        ],
        is_prefix: false,
        is_suffix: false,
    },
    LemmaToken {
        possible_senses: [],
        possible_lemmas: [
            ",..mid",
        ],
        is_prefix: false,
        is_suffix: false,
    },
    LemmaToken {
        possible_senses: [],
        possible_lemmas: [
            "Hemutrustningsl\\xc3\\xa5n..nn",
        ],
        is_prefix: false,
        is_suffix: false,
    },
    LemmaToken {
        possible_senses: [],
        possible_lemmas: [
            ",..mid",
        ],
        is_prefix: false,
        is_suffix: false,
    },
    LemmaToken {
        possible_senses: [
            "s\\xc3\\xa4rskild..1",
            "s\\xc3\\xa4rskilja..1",
        ],
        possible_lemmas: [
            "s\\xc3\\xa4rskilja..vb",
            "s\\xc3\\xa4rskild..av",
        ],
        is_prefix: false,
        is_suffix: false,
    },
    LemmaToken {
        possible_senses: [],
        possible_lemmas: [
            "j\\xc3\\xa4mst\\xc3\\xa4lldhets\\xc3\\xa5tg\\xc3\\xa4rder..nn",
        ],
        is_prefix: false,
        is_suffix: false,
    },
    LemmaToken {
        possible_senses: [],
        possible_lemmas: [
            ",..mid",
        ],
        is_prefix: false,
        is_suffix: false,
    },
    LemmaToken {
        possible_senses: [
            "j\\xc3\\xa4mst\\xc3\\xa4lldhet..1",
        ],
        possible_lemmas: [
            "j\\xc3\\xa4mst\\xc3\\xa4lldhet..nn",
        ],
        is_prefix: false,
        is_suffix: false,
    },
    LemmaToken {
        possible_senses: [
            "myndighet..1",
            "myndighet..2",
            "myndighet..3",
        ],
        possible_lemmas: [
            "myndighet..nn",
        ],
        is_prefix: false,
        is_suffix: false,
    },
    LemmaToken {
        possible_senses: [],
        possible_lemmas: [
            ",..mid",
        ],
        is_prefix: false,
        is_suffix: false,
    },
    LemmaToken {
        possible_senses: [
            "\\xc3\\xa5tg\\xc3\\xa4rd..1",
        ],
        possible_lemmas: [
            "\\xc3\\xa5tg\\xc3\\xa4rd..nn",
        ],
        is_prefix: false,
        is_suffix: false,
    },
    LemmaToken {
        possible_senses: [
            "mot..1",
            "mot..2",
        ],
        possible_lemmas: [
            "mot..pp",
        ],
        is_prefix: false,
        is_suffix: false,
    },
    LemmaToken {
        possible_senses: [
            "segregation..1",
        ],
        possible_lemmas: [
            "segregation..nn",
        ],
        is_prefix: false,
        is_suffix: false,
    },
    LemmaToken {
        possible_senses: [
            "och..1",
        ],
        possible_lemmas: [
            "och..kn",
        ],
        is_prefix: false,
        is_suffix: false,
    },
    LemmaToken {
        possible_senses: [
            "delegation..1",
            "delegation..2",
        ],
        possible_lemmas: [
            "delegation..nn",
        ],
        is_prefix: false,
        is_suffix: false,
    },
    LemmaToken {
        possible_senses: [
            "mot..1",
            "mot..2",
        ],
        possible_lemmas: [
            "mot..pp",
        ],
        is_prefix: false,
        is_suffix: false,
    },
    LemmaToken {
        possible_senses: [
            "segregation..1",
        ],
        possible_lemmas: [
            "segregation..nn",
        ],
        is_prefix: false,
        is_suffix: false,
    },
    LemmaToken {
        possible_senses: [
            "samt..1",
        ],
        possible_lemmas: [
            "samt..kn",
        ],
        is_prefix: false,
        is_suffix: false,
    },
    LemmaToken {
        possible_senses: [
            "n\\xc3\\xa4r..1",
            "n\\xc3\\xa4ra..1",
        ],
        possible_lemmas: [
            "n\\xc3\\xa4r..ab",
        ],
        is_prefix: false,
        is_suffix: false,
    },
    LemmaToken {
        possible_senses: [
            "den..2",
        ],
        possible_lemmas: [
            "den..pn",
        ],
        is_prefix: false,
        is_suffix: false,
    },
    LemmaToken {
        possible_senses: [
            "g\\xc3\\xa4lla..1",
            "g\\xc3\\xa4lla..2",
            "g\\xc3\\xa4lla..4",
            "g\\xc3\\xa4lla..3",
        ],
        possible_lemmas: [
            "g\\xc3\\xa4lla..vb",
        ],
        is_prefix: false,
        is_suffix: false,
    },
    LemmaToken {
        possible_senses: [
            "den..1",
            "en..2",
        ],
        possible_lemmas: [
            "en..al",
        ],
        is_prefix: false,
        is_suffix: false,
    },
    LemmaToken {
        possible_senses: [
            "best\\xc3\\xa4llning..1",
        ],
        possible_lemmas: [
            "best\\xc3\\xa4llning..nn",
        ],
        is_prefix: false,
        is_suffix: false,
    },
    LemmaToken {
        possible_senses: [
            "bemyndigande..1",
        ],
        possible_lemmas: [
            "bemyndigande..nn",
        ],
        is_prefix: false,
        is_suffix: false,
    },
    LemmaToken {
        possible_senses: [],
        possible_lemmas: [
            "...mad",
        ],
        is_prefix: false,
        is_suffix: false,
    },
    LemmaToken {
        possible_senses: [],
        possible_lemmas: [
            "$SENT$",
        ],
        is_prefix: false,
        is_suffix: false,
    },
    LemmaToken {
        possible_senses: [
            "i..2",
        ],
        possible_lemmas: [
            "i..pp",
        ],
        is_prefix: false,
        is_suffix: false,
    },
    LemmaToken {
        possible_senses: [
            "fr\\xc3\\xa5ga..2",
            "fr\\xc3\\xa5ga..3",
        ],
        possible_lemmas: [
            "fr\\xc3\\xa5ga..nn",
        ],
        is_prefix: false,
        is_suffix: false,
    },
    LemmaToken {
        possible_senses: [
            "om..1",
            "om..5",
        ],
        possible_lemmas: [
            "om..pp",
        ],
        is_prefix: false,
        is_suffix: false,
    },
    LemmaToken {
        possible_senses: [
            "\\xc3\\xb6vrig..1",
        ],
        possible_lemmas: [
            "\\xc3\\xb6vrig..pn",
        ],
        is_prefix: false,
        is_suffix: false,
    },
    LemmaToken {
        possible_senses: [
            "anslag..1",
            "anslag..2",
            "anslag..3",
        ],
        possible_lemmas: [
            "anslag..nn",
        ],
        is_prefix: false,
        is_suffix: false,
    },
    LemmaToken {
        possible_senses: [
            "och..1",
        ],
        possible_lemmas: [
            "och..kn",
        ],
        is_prefix: false,
        is_suffix: false,
    },
    LemmaToken {
        possible_senses: [
            "best\\xc3\\xa4llning..1",
        ],
        possible_lemmas: [
            "best\\xc3\\xa4llning..nn",
        ],
        is_prefix: false,
        is_suffix: false,
    },
    LemmaToken {
        possible_senses: [
            "bemyndigande..1",
        ],
        possible_lemmas: [
            "bemyndigande..nn",
        ],
        is_prefix: false,
        is_suffix: false,
    },
    LemmaToken {
        possible_senses: [
            "inom..1",
        ],
        possible_lemmas: [
            "inom..pp",
        ],
        is_prefix: false,
        is_suffix: false,
    },
    LemmaToken {
        possible_senses: [],
        possible_lemmas: [
            "utgiftsomr\\xc3\\xa5det..nn",
        ],
        is_prefix: false,
        is_suffix: false,
    },
    LemmaToken {
        possible_senses: [
            "finna..1",
            "finna..2",
            "finnas..1",
        ],
        possible_lemmas: [
            "finnas..vb",
            "finna..vb",
        ],
        is_prefix: false,
        is_suffix: false,
    },
    LemmaToken {
        possible_senses: [
            "den..2",
        ],
        possible_lemmas: [
            "den..pn",
        ],
        is_prefix: false,
        is_suffix: false,
    },
    LemmaToken {
        possible_senses: [
            "ingen..1",
        ],
        possible_lemmas: [
            "ingen..pn",
        ],
        is_prefix: false,
        is_suffix: false,
    },
    LemmaToken {
        possible_senses: [
            "avvikelse..1",
            "avvikelse..2",
        ],
        possible_lemmas: [
            "avvikelse..nn",
        ],
        is_prefix: false,
        is_suffix: false,
    },
    LemmaToken {
        possible_senses: [
            "mellan..1",
        ],
        possible_lemmas: [
            "mellan..pp",
        ],
        is_prefix: false,
        is_suffix: false,
    },
    LemmaToken {
        possible_senses: [
            "utskott..1",
            "utskott..2",
            "utskott..3",
        ],
        possible_lemmas: [
            "utskott..nn",
        ],
        is_prefix: false,
        is_suffix: false,
    },
    LemmaToken {
        possible_senses: [
            "f\\xc3\\xb6rslag..1",
            "f\\xc3\\xb6rslag..2",
        ],
        possible_lemmas: [
            "f\\xc3\\xb6rslag_2..nn",
            "f\\xc3\\xb6rslag..nn",
        ],
        is_prefix: false,
        is_suffix: false,
    },
    LemmaToken {
        possible_senses: [
            "och..1",
        ],
        possible_lemmas: [
            "och..kn",
        ],
        is_prefix: false,
        is_suffix: false,
    },
    LemmaToken {
        possible_senses: [
            "f\\xc3\\xb6rslag..1",
            "f\\xc3\\xb6rslag..2",
        ],
        possible_lemmas: [
            "f\\xc3\\xb6rslag_2..nn",
            "f\\xc3\\xb6rslag..nn",
        ],
        is_prefix: false,
        is_suffix: false,
    },
    LemmaToken {
        possible_senses: [
            "i..2",
        ],
        possible_lemmas: [
            "i..pp",
        ],
        is_prefix: false,
        is_suffix: false,
    },
    LemmaToken {
        possible_senses: [
            "budgetproposition..1",
        ],
        possible_lemmas: [
            "budgetproposition..nn",
        ],
        is_prefix: false,
        is_suffix: false,
    },
    LemmaToken {
        possible_senses: [],
        possible_lemmas: [
            "...mad",
        ],
        is_prefix: false,
        is_suffix: false,
    },
    LemmaToken {
        possible_senses: [],
        possible_lemmas: [
            "$SENT$",
        ],
        is_prefix: false,
        is_suffix: false,
    },
    LemmaToken {
        possible_senses: [
            "d\\xc3\\xa4rmed..1",
        ],
        possible_lemmas: [
            "d\\xc3\\xa4rmed..ab",
        ],
        is_prefix: false,
        is_suffix: false,
    },
    LemmaToken {
        possible_senses: [
            "avstyrka..1",
        ],
        possible_lemmas: [
            "avstyrka..vb",
        ],
        is_prefix: false,
        is_suffix: false,
    },
    LemmaToken {
        possible_senses: [
            "utskott..1",
            "utskott..2",
            "utskott..3",
        ],
        possible_lemmas: [
            "utskott..nn",
        ],
        is_prefix: false,
        is_suffix: false,
    },
    LemmaToken {
        possible_senses: [
            "Sverige..1",
        ],
        possible_lemmas: [
            "Sverige..pm",
        ],
        is_prefix: false,
        is_suffix: false,
    },
    LemmaToken {
        possible_senses: [
            "demokrat..1",
        ],
        possible_lemmas: [
            "demokrat..nn",
        ],
        is_prefix: false,
        is_suffix: false,
    },
    LemmaToken {
        possible_senses: [],
        possible_lemmas: [
            ",..mid",
        ],
        is_prefix: false,
        is_suffix: false,
    },
    LemmaToken {
        possible_senses: [
            "Centerpartiet..1",
        ],
        possible_lemmas: [
            "Centerpartiet..pm",
        ],
        is_prefix: false,
        is_suffix: false,
    },
    LemmaToken {
        possible_senses: [
            "och..1",
        ],
        possible_lemmas: [
            "och..kn",
        ],
        is_prefix: false,
        is_suffix: false,
    },
    LemmaToken {
        possible_senses: [
            "liberal..2",
        ],
        possible_lemmas: [
            "liberal..nn",
        ],
        is_prefix: false,
        is_suffix: false,
    },
    LemmaToken {
        possible_senses: [
            "budgetf\\xc3\\xb6rslag..1",
        ],
        possible_lemmas: [
            "budgetf\\xc3\\xb6rslag..nn",
        ],
        is_prefix: false,
        is_suffix: false,
    },
    LemmaToken {
        possible_senses: [],
        possible_lemmas: [
            "...mad",
        ],
        is_prefix: false,
        is_suffix: false,
    },
    LemmaToken {
        possible_senses: [],
        possible_lemmas: [
            "$SENT$",
        ],
        is_prefix: false,
        is_suffix: false,
    },
    LemmaToken {
        possible_senses: [
            "i..2",
        ],
        possible_lemmas: [
            "i..pp",
        ],
        is_prefix: false,
        is_suffix: false,
    },
    LemmaToken {
        possible_senses: [
            "bet\\xc3\\xa4nkande..1",
        ],
        possible_lemmas: [
            "bet\\xc3\\xa4nkande..nn",
        ],
        is_prefix: false,
        is_suffix: false,
    },
    LemmaToken {
        possible_senses: [
            "finna..1",
            "finna..2",
            "finnas..1",
        ],
        possible_lemmas: [
            "finnas..vb",
            "finna..vb",
        ],
        is_prefix: false,
        is_suffix: false,
    },
    LemmaToken {
        possible_senses: [
            "den..1",
            "en..2",
        ],
        possible_lemmas: [
            "en..al",
        ],
        is_prefix: false,
        is_suffix: false,
    },
    LemmaToken {
        possible_senses: [
            "reservation..1",
        ],
        possible_lemmas: [
            "reservation..nn",
        ],
        is_prefix: false,
        is_suffix: false,
    },
    LemmaToken {
        possible_senses: [],
        possible_lemmas: [
            "(..pad",
        ],
        is_prefix: false,
        is_suffix: false,
    },
    LemmaToken {
        possible_senses: [
            "Sverigedemokraterna..1",
        ],
        possible_lemmas: [
            "SD..pma",
        ],
        is_prefix: false,
        is_suffix: false,
    },
    LemmaToken {
        possible_senses: [],
        possible_lemmas: [
            ")..pad",
        ],
        is_prefix: false,
        is_suffix: false,
    },
    LemmaToken {
        possible_senses: [
            "och..1",
        ],
        possible_lemmas: [
            "och..kn",
        ],
        is_prefix: false,
        is_suffix: false,
    },
    LemmaToken {
        possible_senses: [
            "fyra..1",
        ],
        possible_lemmas: [
            "fyra..nl",
        ],
        is_prefix: false,
        is_suffix: false,
    },
    LemmaToken {
        possible_senses: [
            "s\\xc3\\xa4rskild..1",
            "s\\xc3\\xa4rskilja..1",
        ],
        possible_lemmas: [
            "s\\xc3\\xa4rskilja..vb",
            "s\\xc3\\xa4rskild..av",
        ],
        is_prefix: false,
        is_suffix: false,
    },
    LemmaToken {
        possible_senses: [
            "yttrande..1",
        ],
        possible_lemmas: [
            "yttrande..nn",
        ],
        is_prefix: false,
        is_suffix: false,
    },
    LemmaToken {
        possible_senses: [],
        possible_lemmas: [
            "(..pad",
        ],
        is_prefix: false,
        is_suffix: false,
    },
    LemmaToken {
        possible_senses: [
            "svavel..1",
            "s..1",
            "sida..2",
        ],
        possible_lemmas: [
            "S..nna",
            "s..nna",
            "s..nn",
        ],
        is_prefix: false,
        is_suffix: false,
    },
    LemmaToken {
        possible_senses: [],
        possible_lemmas: [
            ",..mid",
        ],
        is_prefix: false,
        is_suffix: false,
    },
    LemmaToken {
        possible_senses: [
            "Sverigedemokraterna..1",
        ],
        possible_lemmas: [
            "SD..pma",
        ],
        is_prefix: false,
        is_suffix: false,
    },
    LemmaToken {
        possible_senses: [],
        possible_lemmas: [
            ",..mid",
        ],
        is_prefix: false,
        is_suffix: false,
    },
    LemmaToken {
        possible_senses: [],
        possible_lemmas: [
            "C..pm",
        ],
        is_prefix: false,
        is_suffix: false,
    },
    LemmaToken {
        possible_senses: [],
        possible_lemmas: [
            ",..mid",
        ],
        is_prefix: false,
        is_suffix: false,
    },
    LemmaToken {
        possible_senses: [],
        possible_lemmas: [
            "V..pm",
        ],
        is_prefix: false,
        is_suffix: false,
    },
    LemmaToken {
        possible_senses: [],
        possible_lemmas: [
            ",..mid",
        ],
        is_prefix: false,
        is_suffix: false,
    },
    LemmaToken {
        possible_senses: [],
        possible_lemmas: [
            "L..pm",
        ],
        is_prefix: false,
        is_suffix: false,
    },
    LemmaToken {
        possible_senses: [],
        possible_lemmas: [
            ",..mid",
        ],
        is_prefix: false,
        is_suffix: false,
    },
    LemmaToken {
        possible_senses: [],
        possible_lemmas: [
            "MP..pm",
        ],
        is_prefix: false,
        is_suffix: false,
    },
    LemmaToken {
        possible_senses: [],
        possible_lemmas: [
            ")..pad",
        ],
        is_prefix: false,
        is_suffix: false,
    },
    LemmaToken {
        possible_senses: [],
        possible_lemmas: [
            "...mad",
        ],
        is_prefix: false,
        is_suffix: false,
    },
    LemmaToken {
        possible_senses: [],
        possible_lemmas: [
            "$SENT$",
        ],
        is_prefix: false,
        is_suffix: false,
    },
    LemmaToken {
        possible_senses: [
            "ledamot..1",
        ],
        possible_lemmas: [
            "ledamot..nn",
        ],
        is_prefix: false,
        is_suffix: false,
    },
    LemmaToken {
        possible_senses: [
            "fr\\xc3\\xa5n..1",
        ],
        possible_lemmas: [
            "fr\\xc3\\xa5n..pp",
        ],
        is_prefix: false,
        is_suffix: false,
    },
    LemmaToken {
        possible_senses: [
            "socialdemokrat..1",
        ],
        possible_lemmas: [
            "socialdemokrat..nn",
        ],
        is_prefix: false,
        is_suffix: false,
    },
    LemmaToken {
        possible_senses: [],
        possible_lemmas: [
            ",..mid",
        ],
        is_prefix: false,
        is_suffix: false,
    },
    LemmaToken {
        possible_senses: [
            "Centerpartiet..1",
            "centerparti..1",
        ],
        possible_lemmas: [
            "centerparti..nn",
        ],
        is_prefix: false,
        is_suffix: false,
    },
    LemmaToken {
        possible_senses: [],
        possible_lemmas: [
            ",..mid",
        ],
        is_prefix: false,
        is_suffix: false,
    },
    LemmaToken {
        possible_senses: [
            "v\\xc3\\xa4nster..4",
            "v\\xc3\\xa4nster..2",
            "v\\xc3\\xa4nster..3",
        ],
        possible_lemmas: [
            "v\\xc3\\xa4nster..nn",
        ],
        is_prefix: false,
        is_suffix: false,
    },
    LemmaToken {
        possible_senses: [
            "parti..1",
            "parti..2",
            "parti..3",
            "parti..4",
            "parti..5",
        ],
        possible_lemmas: [
            "parti..nn",
        ],
        is_prefix: false,
        is_suffix: false,
    },
    LemmaToken {
        possible_senses: [],
        possible_lemmas: [
            ",..mid",
        ],
        is_prefix: false,
        is_suffix: false,
    },
    LemmaToken {
        possible_senses: [
            "liberal..2",
        ],
        possible_lemmas: [
            "liberal..nn",
        ],
        is_prefix: false,
        is_suffix: false,
    },
    LemmaToken {
        possible_senses: [
            "och..1",
        ],
        possible_lemmas: [
            "och..kn",
        ],
        is_prefix: false,
        is_suffix: false,
    },
    LemmaToken {
        possible_senses: [],
        possible_lemmas: [
            "Milj\\xc3\\xb6partiet..nn",
        ],
        is_prefix: false,
        is_suffix: false,
    },
    LemmaToken {
        possible_senses: [
            "avst\\xc3\\xa5..1",
            "avst\\xc3\\xa5..2",
        ],
        possible_lemmas: [
            "avst\\xc3\\xa5..vb",
        ],
        is_prefix: false,
        is_suffix: false,
    },
    LemmaToken {
        possible_senses: [
            "fr\\xc3\\xa5n..1",
        ],
        possible_lemmas: [
            "fr\\xc3\\xa5n..pp",
        ],
        is_prefix: false,
        is_suffix: false,
    },
    LemmaToken {
        possible_senses: [
            "st\\xc3\\xa4llningstagande..1",
        ],
        possible_lemmas: [
            "st\\xc3\\xa4llningstagande..nn",
        ],
        is_prefix: false,
        is_suffix: false,
    },
    LemmaToken {
        possible_senses: [
            "och..1",
        ],
        possible_lemmas: [
            "och..kn",
        ],
        is_prefix: false,
        is_suffix: false,
    },
    LemmaToken {
        possible_senses: [
            "redovisa..1",
        ],
        possible_lemmas: [
            "redovisa..vb",
        ],
        is_prefix: false,
        is_suffix: false,
    },
    LemmaToken {
        possible_senses: [
            "i..2",
        ],
        possible_lemmas: [
            "i..pp",
        ],
        is_prefix: false,
        is_suffix: false,
    },
    LemmaToken {
        possible_senses: [
            "st\\xc3\\xa4ll..1",
            "st\\xc3\\xa4ll..2",
            "st\\xc3\\xa4lle..1",
        ],
        possible_lemmas: [
            "st\\xc3\\xa4ll..nn",
            "st\\xc3\\xa4lle..nn",
        ],
        is_prefix: false,
        is_suffix: false,
    },
    LemmaToken {
        possible_senses: [
            "sig..1",
        ],
        possible_lemmas: [
            "sig..pn",
        ],
        is_prefix: false,
        is_suffix: false,
    },
    LemmaToken {
        possible_senses: [
            "\\xc3\\xb6verv\\xc3\\xa4gande..1",
            "\\xc3\\xb6verv\\xc3\\xa4gande..3",
        ],
        possible_lemmas: [
            "\\xc3\\xb6verv\\xc3\\xa4gande..nn",
        ],
        is_prefix: false,
        is_suffix: false,
    },
    LemmaToken {
        possible_senses: [
            "i..2",
        ],
        possible_lemmas: [
            "i..pp",
        ],
        is_prefix: false,
        is_suffix: false,
    },
    LemmaToken {
        possible_senses: [
            "s\\xc3\\xa4rskild..1",
            "s\\xc3\\xa4rskilja..1",
        ],
        possible_lemmas: [
            "s\\xc3\\xa4rskilja..vb",
            "s\\xc3\\xa4rskild..av",
        ],
        is_prefix: false,
        is_suffix: false,
    },
    LemmaToken {
        possible_senses: [
            "yttrande..1",
        ],
        possible_lemmas: [
            "yttrande..nn",
        ],
        is_prefix: false,
        is_suffix: false,
    },
    LemmaToken {
        possible_senses: [],
        possible_lemmas: [
            "...mad",
        ],
        is_prefix: false,
        is_suffix: false,
    },
    LemmaToken {
        possible_senses: [],
        possible_lemmas: [
            "$SENT$",
        ],
        is_prefix: false,
        is_suffix: false,
    },
    LemmaToken {
        possible_senses: [
            "utskott..1",
            "utskott..2",
            "utskott..3",
        ],
        possible_lemmas: [
            "utskott..nn",
        ],
        is_prefix: false,
        is_suffix: false,
    },
    LemmaToken {
        possible_senses: [
            "f\\xc3\\xb6resl\\xc3\\xa5..1",
        ],
        possible_lemmas: [
            "f\\xc3\\xb6resl\\xc3\\xa5..vb",
        ],
        is_prefix: false,
        is_suffix: false,
    },
    LemmaToken {
        possible_senses: [
            "att..1",
        ],
        possible_lemmas: [
            "att..sn",
        ],
        is_prefix: false,
        is_suffix: false,
    },
    LemmaToken {
        possible_senses: [
            "\\xc3\\xa4rende..1",
            "\\xc3\\xa4rende..2",
        ],
        possible_lemmas: [
            "\\xc3\\xa4rende..nn",
        ],
        is_prefix: false,
        is_suffix: false,
    },
    LemmaToken {
        possible_senses: [
            "avg\\xc3\\xb6ra..1",
        ],
        possible_lemmas: [
            "avg\\xc3\\xb6ra..vb",
        ],
        is_prefix: false,
        is_suffix: false,
    },
    LemmaToken {
        possible_senses: [
            "trots..1",
        ],
        possible_lemmas: [
            "trots..pp",
        ],
        is_prefix: false,
        is_suffix: false,
    },
    LemmaToken {
        possible_senses: [
            "att..1",
        ],
        possible_lemmas: [
            "att..sn",
        ],
        is_prefix: false,
        is_suffix: false,
    },
    LemmaToken {
        possible_senses: [
            "den..2",
        ],
        possible_lemmas: [
            "den..pn",
        ],
        is_prefix: false,
        is_suffix: false,
    },
    LemmaToken {
        possible_senses: [
            "ha..1",
            "ha..3",
        ],
        possible_lemmas: [
            "ha..vb",
        ],
        is_prefix: false,
        is_suffix: false,
    },
    LemmaToken {
        possible_senses: [
            "vara..1",
        ],
        possible_lemmas: [
            "vara..vb",
        ],
        is_prefix: false,
        is_suffix: false,
    },
    LemmaToken {
        possible_senses: [
            "tillg\\xc3\\xa4nglig..1",
        ],
        possible_lemmas: [
            "tillg\\xc3\\xa4nglig..av",
        ],
        is_prefix: false,
        is_suffix: false,
    },
    LemmaToken {
        possible_senses: [
            "kort..1",
        ],
        possible_lemmas: [
            "kort..av",
        ],
        is_prefix: false,
        is_suffix: false,
    },
    LemmaToken {
        possible_senses: [
            "tid..1",
        ],
        possible_lemmas: [
            "tid..nn",
        ],
        is_prefix: false,
        is_suffix: false,
    },
    LemmaToken {
        possible_senses: [],
        possible_lemmas: [
            "\\xc3\\xa4n..kn",
        ],
        is_prefix: false,
        is_suffix: false,
    },
    LemmaToken {
        possible_senses: [
            "tv\\xc3\\xa5..1",
        ],
        possible_lemmas: [
            "tv\\xc3\\xa5..nl",
        ],
        is_prefix: false,
        is_suffix: false,
    },
    LemmaToken {
        possible_senses: [
            "vardag..1",
        ],
        possible_lemmas: [
            "vardag..nn",
        ],
        is_prefix: false,
        is_suffix: false,
    },
    LemmaToken {
        possible_senses: [
            "f\\xc3\\xb6re..1",
        ],
        possible_lemmas: [
            "f\\xc3\\xb6re..pp",
        ],
        is_prefix: false,
        is_suffix: false,
    },
    LemmaToken {
        possible_senses: [
            "den..2",
            "den..1",
            "en..2",
        ],
        possible_lemmas: [
            "en..al",
            "den..pn",
        ],
        is_prefix: false,
        is_suffix: false,
    },
    LemmaToken {
        possible_senses: [
            "dag..1",
            "dag..2",
        ],
        possible_lemmas: [
            "dag..nn",
        ],
        is_prefix: false,
        is_suffix: false,
    },
    LemmaToken {
        possible_senses: [
            "d\\xc3\\xa5..1",
            "d\\xc3\\xa5..3",
        ],
        possible_lemmas: [
            "d\\xc3\\xa5..ab",
        ],
        is_prefix: false,
        is_suffix: false,
    },
    LemmaToken {
        possible_senses: [
            "den..2",
        ],
        possible_lemmas: [
            "den..pn",
        ],
        is_prefix: false,
        is_suffix: false,
    },
    LemmaToken {
        possible_senses: [
            "behandla..1",
            "behandla..2",
            "behandla..3",
        ],
        possible_lemmas: [
            "behandla..vb",
        ],
        is_prefix: false,
        is_suffix: false,
    },
    LemmaToken {
        possible_senses: [],
        possible_lemmas: [
            "...mad",
        ],
        is_prefix: false,
        is_suffix: false,
    },
    LemmaToken {
        possible_senses: [],
        possible_lemmas: [
            "$SENT$",
        ],
        is_prefix: false,
        is_suffix: false,
    },
    LemmaToken {
        possible_senses: [
            "behandla..1",
            "behandla..2",
            "behandla..3",
        ],
        possible_lemmas: [
            "behandla..vb",
        ],
        is_prefix: false,
        is_suffix: false,
    },
    LemmaToken {
        possible_senses: [
            "f\\xc3\\xb6rslag..1",
            "f\\xc3\\xb6rslag..2",
        ],
        possible_lemmas: [
            "f\\xc3\\xb6rslag_2..nn",
            "f\\xc3\\xb6rslag..nn",
        ],
        is_prefix: false,
        is_suffix: false,
    },
    LemmaToken {
        possible_senses: [],
        possible_lemmas: [
            "$SENT$",
        ],
        is_prefix: false,
        is_suffix: false,
    },
]
